[2026-01-12 15:37:04] SQLSTATE[42S02]: Base table or view not found: 1146 Table 'proms.tbl_systemusers' doesn't exist
#0 C:\Users\Dave\Documents\xampp\htdocs\proms-admin\model\pdo.class.php(241): PDO->prepare('SELECT fname FR...')
#1 C:\Users\Dave\Documents\xampp\htdocs\proms-admin\model\pdo.class.php(300): DB->query('SELECT fname FR...', Array)
#2 C:\Users\Dave\Documents\xampp\htdocs\proms-admin\index.php(6): DB->queryUniqueValue('SELECT fname FR...')
#3 {main}

[2026-01-12 15:37:07] SQLSTATE[42S02]: Base table or view not found: 1146 Table 'proms.tbl_systemusers' doesn't exist
#0 C:\Users\Dave\Documents\xampp\htdocs\proms-admin\model\pdo.class.php(241): PDO->prepare('SELECT fname FR...')
#1 C:\Users\Dave\Documents\xampp\htdocs\proms-admin\model\pdo.class.php(300): DB->query('SELECT fname FR...', Array)
#2 C:\Users\Dave\Documents\xampp\htdocs\proms-admin\index.php(6): DB->queryUniqueValue('SELECT fname FR...')
#3 {main}

[2026-01-12 15:37:07] SQLSTATE[42S02]: Base table or view not found: 1146 Table 'proms.tbl_systemusers' doesn't exist
#0 C:\Users\Dave\Documents\xampp\htdocs\proms-admin\model\pdo.class.php(241): PDO->prepare('SELECT fname FR...')
#1 C:\Users\Dave\Documents\xampp\htdocs\proms-admin\model\pdo.class.php(300): DB->query('SELECT fname FR...', Array)
#2 C:\Users\Dave\Documents\xampp\htdocs\proms-admin\index.php(6): DB->queryUniqueValue('SELECT fname FR...')
#3 {main}

[2026-01-12 15:37:07] SQLSTATE[42S02]: Base table or view not found: 1146 Table 'proms.tbl_systemusers' doesn't exist
#0 C:\Users\Dave\Documents\xampp\htdocs\proms-admin\model\pdo.class.php(241): PDO->prepare('SELECT fname FR...')
#1 C:\Users\Dave\Documents\xampp\htdocs\proms-admin\model\pdo.class.php(300): DB->query('SELECT fname FR...', Array)
#2 C:\Users\Dave\Documents\xampp\htdocs\proms-admin\index.php(6): DB->queryUniqueValue('SELECT fname FR...')
#3 {main}

[2026-01-12 15:37:08] SQLSTATE[42S02]: Base table or view not found: 1146 Table 'proms.tbl_systemusers' doesn't exist
#0 C:\Users\Dave\Documents\xampp\htdocs\proms-admin\model\pdo.class.php(241): PDO->prepare('SELECT fname FR...')
#1 C:\Users\Dave\Documents\xampp\htdocs\proms-admin\model\pdo.class.php(300): DB->query('SELECT fname FR...', Array)
#2 C:\Users\Dave\Documents\xampp\htdocs\proms-admin\index.php(6): DB->queryUniqueValue('SELECT fname FR...')
#3 {main}

[2026-01-12 15:37:11] SQLSTATE[42S02]: Base table or view not found: 1146 Table 'proms.tbl_systemusers' doesn't exist
#0 C:\Users\Dave\Documents\xampp\htdocs\proms-admin\model\pdo.class.php(241): PDO->prepare('SELECT fname FR...')
#1 C:\Users\Dave\Documents\xampp\htdocs\proms-admin\model\pdo.class.php(300): DB->query('SELECT fname FR...', Array)
#2 C:\Users\Dave\Documents\xampp\htdocs\proms-admin\index.php(6): DB->queryUniqueValue('SELECT fname FR...')
#3 {main}

[2026-01-12 15:37:22] SQLSTATE[42S02]: Base table or view not found: 1146 Table 'proms.tbl_system_users' doesn't exist
#0 C:\Users\Dave\Documents\xampp\htdocs\proms-admin\model\pdo.class.php(241): PDO->prepare('SELECT fname FR...')
#1 C:\Users\Dave\Documents\xampp\htdocs\proms-admin\model\pdo.class.php(300): DB->query('SELECT fname FR...', Array)
#2 C:\Users\Dave\Documents\xampp\htdocs\proms-admin\index.php(6): DB->queryUniqueValue('SELECT fname FR...')
#3 {main}

[2026-01-12 15:37:23] SQLSTATE[42S02]: Base table or view not found: 1146 Table 'proms.tbl_system_users' doesn't exist
#0 C:\Users\Dave\Documents\xampp\htdocs\proms-admin\model\pdo.class.php(241): PDO->prepare('SELECT fname FR...')
#1 C:\Users\Dave\Documents\xampp\htdocs\proms-admin\model\pdo.class.php(300): DB->query('SELECT fname FR...', Array)
#2 C:\Users\Dave\Documents\xampp\htdocs\proms-admin\index.php(6): DB->queryUniqueValue('SELECT fname FR...')
#3 {main}

[2026-01-12 15:37:23] SQLSTATE[42S02]: Base table or view not found: 1146 Table 'proms.tbl_system_users' doesn't exist
#0 C:\Users\Dave\Documents\xampp\htdocs\proms-admin\model\pdo.class.php(241): PDO->prepare('SELECT fname FR...')
#1 C:\Users\Dave\Documents\xampp\htdocs\proms-admin\model\pdo.class.php(300): DB->query('SELECT fname FR...', Array)
#2 C:\Users\Dave\Documents\xampp\htdocs\proms-admin\index.php(6): DB->queryUniqueValue('SELECT fname FR...')
#3 {main}

[2026-01-12 15:37:23] SQLSTATE[42S02]: Base table or view not found: 1146 Table 'proms.tbl_system_users' doesn't exist
#0 C:\Users\Dave\Documents\xampp\htdocs\proms-admin\model\pdo.class.php(241): PDO->prepare('SELECT fname FR...')
#1 C:\Users\Dave\Documents\xampp\htdocs\proms-admin\model\pdo.class.php(300): DB->query('SELECT fname FR...', Array)
#2 C:\Users\Dave\Documents\xampp\htdocs\proms-admin\index.php(6): DB->queryUniqueValue('SELECT fname FR...')
#3 {main}

[2026-01-12 15:39:15] SQLSTATE[42S02]: Base table or view not found: 1146 Table 'proms.tbl_system_users' doesn't exist
#0 C:\Users\Dave\Documents\xampp\htdocs\proms-admin\model\pdo.class.php(241): PDO->prepare('SELECT fname FR...')
#1 C:\Users\Dave\Documents\xampp\htdocs\proms-admin\model\pdo.class.php(300): DB->query('SELECT fname FR...', Array)
#2 C:\Users\Dave\Documents\xampp\htdocs\proms-admin\index.php(6): DB->queryUniqueValue('SELECT fname FR...')
#3 {main}

[2026-01-12 15:39:25] SQLSTATE[42S22]: Column not found: 1054 Unknown column 'id' in 'where clause'
#0 C:\Users\Dave\Documents\xampp\htdocs\proms-admin\model\pdo.class.php(241): PDO->prepare('SELECT fname FR...')
#1 C:\Users\Dave\Documents\xampp\htdocs\proms-admin\model\pdo.class.php(300): DB->query('SELECT fname FR...', Array)
#2 C:\Users\Dave\Documents\xampp\htdocs\proms-admin\index.php(6): DB->queryUniqueValue('SELECT fname FR...')
#3 {main}

[2026-01-12 15:39:27] SQLSTATE[42S22]: Column not found: 1054 Unknown column 'id' in 'where clause'
#0 C:\Users\Dave\Documents\xampp\htdocs\proms-admin\model\pdo.class.php(241): PDO->prepare('SELECT fname FR...')
#1 C:\Users\Dave\Documents\xampp\htdocs\proms-admin\model\pdo.class.php(300): DB->query('SELECT fname FR...', Array)
#2 C:\Users\Dave\Documents\xampp\htdocs\proms-admin\index.php(6): DB->queryUniqueValue('SELECT fname FR...')
#3 {main}

[2026-01-12 15:39:27] SQLSTATE[42S22]: Column not found: 1054 Unknown column 'id' in 'where clause'
#0 C:\Users\Dave\Documents\xampp\htdocs\proms-admin\model\pdo.class.php(241): PDO->prepare('SELECT fname FR...')
#1 C:\Users\Dave\Documents\xampp\htdocs\proms-admin\model\pdo.class.php(300): DB->query('SELECT fname FR...', Array)
#2 C:\Users\Dave\Documents\xampp\htdocs\proms-admin\index.php(6): DB->queryUniqueValue('SELECT fname FR...')
#3 {main}

[2026-01-12 15:39:27] SQLSTATE[42S22]: Column not found: 1054 Unknown column 'id' in 'where clause'
#0 C:\Users\Dave\Documents\xampp\htdocs\proms-admin\model\pdo.class.php(241): PDO->prepare('SELECT fname FR...')
#1 C:\Users\Dave\Documents\xampp\htdocs\proms-admin\model\pdo.class.php(300): DB->query('SELECT fname FR...', Array)
#2 C:\Users\Dave\Documents\xampp\htdocs\proms-admin\index.php(6): DB->queryUniqueValue('SELECT fname FR...')
#3 {main}

[2026-01-12 15:39:27] SQLSTATE[42S22]: Column not found: 1054 Unknown column 'id' in 'where clause'
#0 C:\Users\Dave\Documents\xampp\htdocs\proms-admin\model\pdo.class.php(241): PDO->prepare('SELECT fname FR...')
#1 C:\Users\Dave\Documents\xampp\htdocs\proms-admin\model\pdo.class.php(300): DB->query('SELECT fname FR...', Array)
#2 C:\Users\Dave\Documents\xampp\htdocs\proms-admin\index.php(6): DB->queryUniqueValue('SELECT fname FR...')
#3 {main}

[2026-01-14 21:58:28] SQLSTATE[HY000] [1049] Unknown database 'proms'
#0 C:\xampp\htdocs\proms-admin\model\pdo.class.php(103): PDO->__construct('mysql:host=loca...', 'root', Object(SensitiveParameterValue), Array)
#1 C:\xampp\htdocs\proms-admin\model\pdo.class.php(137): DB->__construct(Array, 'default')
#2 C:\xampp\htdocs\proms-admin\index.php(4): DB::getInstance()
#3 {main}

[2026-01-14 21:58:33] SQLSTATE[HY000] [1049] Unknown database 'proms'
#0 C:\xampp\htdocs\proms-admin\model\pdo.class.php(103): PDO->__construct('mysql:host=loca...', 'root', Object(SensitiveParameterValue), Array)
#1 C:\xampp\htdocs\proms-admin\model\pdo.class.php(137): DB->__construct(Array, 'default')
#2 C:\xampp\htdocs\proms-admin\index.php(4): DB::getInstance()
#3 {main}

[2026-01-14 21:58:33] SQLSTATE[HY000] [1049] Unknown database 'proms'
#0 C:\xampp\htdocs\proms-admin\model\pdo.class.php(103): PDO->__construct('mysql:host=loca...', 'root', Object(SensitiveParameterValue), Array)
#1 C:\xampp\htdocs\proms-admin\model\pdo.class.php(137): DB->__construct(Array, 'default')
#2 C:\xampp\htdocs\proms-admin\index.php(4): DB::getInstance()
#3 {main}

[2026-01-14 21:58:33] SQLSTATE[HY000] [1049] Unknown database 'proms'
#0 C:\xampp\htdocs\proms-admin\model\pdo.class.php(103): PDO->__construct('mysql:host=loca...', 'root', Object(SensitiveParameterValue), Array)
#1 C:\xampp\htdocs\proms-admin\model\pdo.class.php(137): DB->__construct(Array, 'default')
#2 C:\xampp\htdocs\proms-admin\index.php(4): DB::getInstance()
#3 {main}

[2026-01-14 21:58:41] SQLSTATE[HY000] [1049] Unknown database 'proms'
#0 C:\xampp\htdocs\proms-admin\model\pdo.class.php(103): PDO->__construct('mysql:host=loca...', 'root', Object(SensitiveParameterValue), Array)
#1 C:\xampp\htdocs\proms-admin\model\pdo.class.php(137): DB->__construct(Array, 'default')
#2 C:\xampp\htdocs\proms-admin\index.php(4): DB::getInstance()
#3 {main}

[2026-01-14 21:58:48] SQLSTATE[HY000] [1049] Unknown database 'proms'
#0 C:\xampp\htdocs\proms-admin\model\pdo.class.php(103): PDO->__construct('mysql:host=loca...', 'root', Object(SensitiveParameterValue), Array)
#1 C:\xampp\htdocs\proms-admin\model\pdo.class.php(137): DB->__construct(Array, 'default')
#2 C:\xampp\htdocs\proms-admin\index.php(4): DB::getInstance()
#3 {main}

[2026-01-14 22:01:24] SQLSTATE[HY000] [1049] Unknown database 'proms'
#0 C:\xampp\htdocs\proms-admin\model\pdo.class.php(103): PDO->__construct('mysql:host=loca...', 'root', Object(SensitiveParameterValue), Array)
#1 C:\xampp\htdocs\proms-admin\model\pdo.class.php(137): DB->__construct(Array, 'default')
#2 C:\xampp\htdocs\proms-admin\index.php(4): DB::getInstance()
#3 {main}

[2026-01-14 22:01:36] SQLSTATE[HY000] [1049] Unknown database 'proms'
#0 C:\xampp\htdocs\proms-admin\model\pdo.class.php(103): PDO->__construct('mysql:host=loca...', 'root', Object(SensitiveParameterValue), Array)
#1 C:\xampp\htdocs\proms-admin\model\pdo.class.php(137): DB->__construct(Array, 'default')
#2 C:\xampp\htdocs\proms-admin\index.php(4): DB::getInstance()
#3 {main}

[2026-01-14 22:01:56] SQLSTATE[HY000] [1049] Unknown database 'proms'
#0 C:\xampp\htdocs\proms-admin\model\pdo.class.php(103): PDO->__construct('mysql:host=loca...', 'root', Object(SensitiveParameterValue), Array)
#1 C:\xampp\htdocs\proms-admin\model\pdo.class.php(137): DB->__construct(Array, 'default')
#2 C:\xampp\htdocs\proms-admin\index.php(4): DB::getInstance()
#3 {main}

[2026-01-18 15:44:22] SQLSTATE[42S22]: Column not found: 1054 Unknown column 'dept_id' in 'field list'
#0 C:\xampp\htdocs\proms-admin\model\pdo.class.php(241): PDO->prepare('INSERT INTO `tb...')
#1 C:\xampp\htdocs\proms-admin\model\pdo.class.php(264): DB->query('INSERT INTO `tb...', Array)
#2 C:\xampp\htdocs\proms-admin\model\pdo.class.php(363): DB->run('INSERT INTO `tb...', Array)
#3 C:\xampp\htdocs\proms-admin\pages\controller\ctr-system-user.php(45): DB->executeInsert(Array, 'tbl_system_user')
#4 {main}

[2026-01-18 15:45:23] SQLSTATE[42S22]: Column not found: 1054 Unknown column 'dept_id' in 'field list'
#0 C:\xampp\htdocs\proms-admin\model\pdo.class.php(241): PDO->prepare('INSERT INTO `tb...')
#1 C:\xampp\htdocs\proms-admin\model\pdo.class.php(264): DB->query('INSERT INTO `tb...', Array)
#2 C:\xampp\htdocs\proms-admin\model\pdo.class.php(363): DB->run('INSERT INTO `tb...', Array)
#3 C:\xampp\htdocs\proms-admin\pages\controller\ctr-system-user.php(45): DB->executeInsert(Array, 'tbl_system_user')
#4 {main}

[2026-01-18 15:45:58] SQLSTATE[23000]: Integrity constraint violation: 1048 Column 'role' cannot be null
#0 C:\xampp\htdocs\proms-admin\model\pdo.class.php(243): PDOStatement->execute()
#1 C:\xampp\htdocs\proms-admin\model\pdo.class.php(264): DB->query('INSERT INTO `tb...', Array)
#2 C:\xampp\htdocs\proms-admin\model\pdo.class.php(363): DB->run('INSERT INTO `tb...', Array)
#3 C:\xampp\htdocs\proms-admin\pages\controller\ctr-system-user.php(44): DB->executeInsert(Array, 'tbl_system_user')
#4 {main}

[2026-01-26 09:16:54] Error: SQLSTATE[42S22]: Column not found: 1054 Unknown column 'tuition_fees' in 'field list'
Trace: #0 C:\Users\Dave\Documents\xampp\htdocs\proms-admin\model\pdo.class.php(716): PDOStatement->execute()
#1 C:\Users\Dave\Documents\xampp\htdocs\proms-admin\pages\controller\ctr-program.php(51): DB->executeInsert(Array, 'tbl_program')
#2 {main}

[2026-01-26 09:17:42] Error: SQLSTATE[23000]: Integrity constraint violation: 1048 Column 'prog_id' cannot be null
Trace: #0 C:\Users\Dave\Documents\xampp\htdocs\proms-admin\model\pdo.class.php(716): PDOStatement->execute()
#1 C:\Users\Dave\Documents\xampp\htdocs\proms-admin\pages\controller\ctr-program.php(63): DB->executeInsert(Array, 'tbl_schedule')
#2 {main}

[2026-01-26 09:20:33] Error: SQLSTATE[23000]: Integrity constraint violation: 1048 Column 'prog_id' cannot be null
Trace: #0 C:\Users\Dave\Documents\xampp\htdocs\proms-admin\model\pdo.class.php(716): PDOStatement->execute()
#1 C:\Users\Dave\Documents\xampp\htdocs\proms-admin\pages\controller\ctr-program.php(63): DB->executeInsert(Array, 'tbl_schedule')
#2 {main}

[2026-01-28 11:28:02] Error: SQLSTATE[HY000] [2002] No connection could be made because the target machine actively refused it
Trace: #0 C:\Users\Dave\Documents\xampp\htdocs\proms-admin\model\pdo.class.php(119): PDO->__construct('mysql:host=loca...', 'root', Object(SensitiveParameterValue))
#1 C:\Users\Dave\Documents\xampp\htdocs\proms-admin\model\pdo.class.php(141): DB->__construct(Array, 'default')
#2 C:\Users\Dave\Documents\xampp\htdocs\proms-admin\index.php(4): DB::getInstance()
#3 {main}

[2026-02-08 12:26:44] Error: SQLSTATE[42S02]: Base table or view not found: 1146 Table 'proms.tbl_program' doesn't exist
Trace: #0 C:\xampp\htdocs\proms-admin\model\pdo.class.php(352): PDOStatement->execute()
#1 C:\xampp\htdocs\proms-admin\pages\program.php(49): DB->query('SELECT * FROM t...')
#2 {main}

[2026-02-08 13:20:20] Error: SQLSTATE[42S22]: Column not found: 1054 Unknown column 'prog_image' in 'field list'
Trace: #0 C:\xampp\htdocs\proms-admin\model\pdo.class.php(716): PDOStatement->execute()
#1 C:\xampp\htdocs\proms-admin\pages\controller\ctr-program.php(63): DB->executeInsert(Array, 'tbl_program')
#2 {main}

[2026-02-08 13:22:29] Error: SQLSTATE[42S22]: Column not found: 1054 Unknown column 'prog_image' in 'field list'
Trace: #0 C:\xampp\htdocs\proms-admin\model\pdo.class.php(716): PDOStatement->execute()
#1 C:\xampp\htdocs\proms-admin\pages\controller\ctr-program.php(63): DB->executeInsert(Array, 'tbl_program')
#2 {main}

[2026-02-08 13:23:48] Error: SQLSTATE[42S22]: Column not found: 1054 Unknown column 'prog_image' in 'field list'
Trace: #0 C:\xampp\htdocs\proms-admin\model\pdo.class.php(716): PDOStatement->execute()
#1 C:\xampp\htdocs\proms-admin\pages\controller\ctr-program.php(63): DB->executeInsert(Array, 'tbl_program')
#2 {main}

[2026-02-08 13:24:27] Error: SQLSTATE[42S22]: Column not found: 1054 Unknown column 'prog_image' in 'field list'
Trace: #0 C:\xampp\htdocs\proms-admin\model\pdo.class.php(716): PDOStatement->execute()
#1 C:\xampp\htdocs\proms-admin\pages\controller\ctr-program.php(63): DB->executeInsert(Array, 'tbl_program')
#2 {main}

[2026-02-08 13:25:55] Error: SQLSTATE[42S22]: Column not found: 1054 Unknown column 'prog_image' in 'field list'
Trace: #0 C:\xampp\htdocs\proms-admin\model\pdo.class.php(716): PDOStatement->execute()
#1 C:\xampp\htdocs\proms-admin\pages\controller\ctr-program.php(63): DB->executeInsert(Array, 'tbl_program')
#2 {main}

[2026-02-08 15:20:10] Error: SQLSTATE[42S22]: Column not found: 1054 Unknown column 'venue' in 'field list'
Trace: #0 C:\xampp\htdocs\proms-admin\model\pdo.class.php(716): PDOStatement->execute()
#1 C:\xampp\htdocs\proms-admin\pages\controller\ctr-sub-program.php(72): DB->executeInsert(Array, 'tbl_sub_program')
#2 {main}

[2026-02-08 15:22:47] Error: SQLSTATE[42S22]: Column not found: 1054 Unknown column 'venue' in 'field list'
Trace: #0 C:\xampp\htdocs\proms-admin\model\pdo.class.php(716): PDOStatement->execute()
#1 C:\xampp\htdocs\proms-admin\pages\controller\ctr-sub-program.php(72): DB->executeInsert(Array, 'tbl_sub_program')
#2 {main}

[2026-02-08 16:46:11] Error: SQLSTATE[HY093]: Invalid parameter number: parameter was not defined
Trace: #0 C:\xampp\htdocs\proms-admin\model\pdo.class.php(794): PDOStatement->execute()
#1 C:\xampp\htdocs\proms-admin\pages\controller\ctr-sub-program.php(239): DB->executeDelete('tbl_schedule', 'sub_prog_id = :...', Array)
#2 {main}

[2026-02-08 16:55:47] Error: SQLSTATE[23000]: Integrity constraint violation: 1048 Column 'venue' cannot be null
Trace: #0 C:\xampp\htdocs\proms-admin\model\pdo.class.php(716): PDOStatement->execute()
#1 C:\xampp\htdocs\proms-admin\pages\controller\ctr-sub-program.php(78): DB->executeInsert(Array, 'tbl_sub_program')
#2 {main}

[2026-02-08 16:57:24] Error: SQLSTATE[23000]: Integrity constraint violation: 1048 Column 'venue' cannot be null
Trace: #0 C:\xampp\htdocs\proms-admin\model\pdo.class.php(716): PDOStatement->execute()
#1 C:\xampp\htdocs\proms-admin\pages\controller\ctr-sub-program.php(78): DB->executeInsert(Array, 'tbl_sub_program')
#2 {main}

[2026-02-08 16:58:27] Error: SQLSTATE[23000]: Integrity constraint violation: 1048 Column 'venue' cannot be null
Trace: #0 C:\xampp\htdocs\proms-admin\model\pdo.class.php(716): PDOStatement->execute()
#1 C:\xampp\htdocs\proms-admin\pages\controller\ctr-sub-program.php(78): DB->executeInsert(Array, 'tbl_sub_program')
#2 {main}

[2026-02-08 17:01:00] Error: SQLSTATE[42S22]: Column not found: 1054 Unknown column 'role' in 'field list'
Trace: #0 C:\xampp\htdocs\proms-admin\model\pdo.class.php(716): PDOStatement->execute()
#1 C:\xampp\htdocs\proms-admin\pages\controller\ctr-system-user.php(50): DB->executeInsert(Array, 'tbl_system_user')
#2 {main}

[2026-02-08 17:02:00] Error: SQLSTATE[42S22]: Column not found: 1054 Unknown column 'role' in 'field list'
Trace: #0 C:\xampp\htdocs\proms-admin\model\pdo.class.php(716): PDOStatement->execute()
#1 C:\xampp\htdocs\proms-admin\pages\controller\ctr-system-user.php(50): DB->executeInsert(Array, 'tbl_system_user')
#2 {main}

[2026-02-09 11:39:06] Error: SQLSTATE[42S02]: Base table or view not found: 1146 Table 'proms.tbl_team' doesn't exist
Trace: #0 C:\Users\Dave\Documents\xampp\htdocs\proms-admin\model\pdo.class.php(381): PDOStatement->execute()
#1 C:\Users\Dave\Documents\xampp\htdocs\proms-admin\model\pdo.class.php(817): DB->select('SELECT member_n...', Array)
#2 C:\Users\Dave\Documents\xampp\htdocs\proms-admin\pages\controller\ctr-team.php(25): DB->hasDuplicate('SELECT member_n...', Array)
#3 {main}

[2026-02-09 11:41:10] Error: SQLSTATE[42S02]: Base table or view not found: 1146 Table 'proms.tbl_team' doesn't exist
Trace: #0 C:\Users\Dave\Documents\xampp\htdocs\proms-admin\model\pdo.class.php(381): PDOStatement->execute()
#1 C:\Users\Dave\Documents\xampp\htdocs\proms-admin\model\pdo.class.php(817): DB->select('SELECT member_n...', Array)
#2 C:\Users\Dave\Documents\xampp\htdocs\proms-admin\pages\controller\ctr-team.php(25): DB->hasDuplicate('SELECT member_n...', Array)
#3 {main}

[2026-02-09 11:41:25] Error: SQLSTATE[42S02]: Base table or view not found: 1146 Table 'proms.tbl_team' doesn't exist
Trace: #0 C:\Users\Dave\Documents\xampp\htdocs\proms-admin\model\pdo.class.php(381): PDOStatement->execute()
#1 C:\Users\Dave\Documents\xampp\htdocs\proms-admin\model\pdo.class.php(817): DB->select('SELECT member_n...', Array)
#2 C:\Users\Dave\Documents\xampp\htdocs\proms-admin\pages\controller\ctr-team.php(25): DB->hasDuplicate('SELECT member_n...', Array)
#3 {main}

[2026-02-09 11:42:00] Error: SQLSTATE[42S02]: Base table or view not found: 1146 Table 'proms.tbl_team' doesn't exist
Trace: #0 C:\Users\Dave\Documents\xampp\htdocs\proms-admin\model\pdo.class.php(381): PDOStatement->execute()
#1 C:\Users\Dave\Documents\xampp\htdocs\proms-admin\model\pdo.class.php(817): DB->select('SELECT member_n...', Array)
#2 C:\Users\Dave\Documents\xampp\htdocs\proms-admin\pages\controller\ctr-team.php(25): DB->hasDuplicate('SELECT member_n...', Array)
#3 {main}

[2026-02-09 18:22:15] Error: SQLSTATE[42S02]: Base table or view not found: 1146 Table 'proms.tbl_system_user' doesn't exist
Trace: #0 C:\xampp\htdocs\proms-admin\model\pdo.class.php(352): PDOStatement->execute()
#1 C:\xampp\htdocs\proms-admin\pages\system-user.php(43): DB->query('SELECT * FROM t...')
#2 {main}

[2026-02-12 08:47:50] Error: SQLSTATE[42S02]: Base table or view not found: 1146 Table 'proms.tbl_access_cert' doesn't exist
Trace: #0 C:\xampp\htdocs\proms-admin\model\pdo.class.php(381): PDOStatement->execute()
#1 C:\xampp\htdocs\proms-admin\model\pdo.class.php(817): DB->select('SELECT title FR...', Array)
#2 C:\xampp\htdocs\proms-admin\pages\controller\ctr-assess-cert.php(27): DB->hasDuplicate('SELECT title FR...', Array)
#3 {main}

[2026-02-12 08:49:05] Error: SQLSTATE[42S02]: Base table or view not found: 1146 Table 'proms.tbl_access_cert' doesn't exist
Trace: #0 C:\xampp\htdocs\proms-admin\model\pdo.class.php(381): PDOStatement->execute()
#1 C:\xampp\htdocs\proms-admin\model\pdo.class.php(817): DB->select('SELECT title FR...', Array)
#2 C:\xampp\htdocs\proms-admin\pages\controller\ctr-assess-cert.php(27): DB->hasDuplicate('SELECT title FR...', Array)
#3 {main}

[2026-02-12 08:49:38] Error: SQLSTATE[42S02]: Base table or view not found: 1146 Table 'proms.tbl_access_cert' doesn't exist
Trace: #0 C:\xampp\htdocs\proms-admin\model\pdo.class.php(716): PDOStatement->execute()
#1 C:\xampp\htdocs\proms-admin\pages\controller\ctr-assess-cert.php(66): DB->executeInsert(Array, 'tbl_access_cert')
#2 {main}

[2026-02-12 08:53:04] Error: SQLSTATE[42S02]: Base table or view not found: 1146 Table 'proms.tbl_access_cert' doesn't exist
Trace: #0 C:\xampp\htdocs\proms-admin\model\pdo.class.php(514): PDOStatement->execute()
#1 C:\xampp\htdocs\proms-admin\pages\fetch\fetch-assess-cert.php(9): DB->queryUniqueObject('SELECT * FROM t...', Array)
#2 {main}

[2026-02-12 08:54:19] Error: SQLSTATE[42S02]: Base table or view not found: 1146 Table 'proms.tbl_sub_program' doesn't exist
Trace: #0 C:\xampp\htdocs\proms-admin\model\pdo.class.php(761): PDOStatement->execute()
#1 C:\xampp\htdocs\proms-admin\pages\controller\ctr-assess-cert.php(151): DB->executeUpdate(Array, 'tbl_sub_program', 'sub_prog_id = :...', Array)
#2 {main}

[2026-02-12 08:54:55] Error: SQLSTATE[42S02]: Base table or view not found: 1146 Table 'proms.tbl_sub_program' doesn't exist
Trace: #0 C:\xampp\htdocs\proms-admin\model\pdo.class.php(761): PDOStatement->execute()
#1 C:\xampp\htdocs\proms-admin\pages\controller\ctr-assess-cert.php(151): DB->executeUpdate(Array, 'tbl_sub_program', 'sub_prog_id = :...', Array)
#2 {main}

[2026-02-12 08:55:38] Error: SQLSTATE[42S02]: Base table or view not found: 1146 Table 'proms.tbl_sub_program' doesn't exist
Trace: #0 C:\xampp\htdocs\proms-admin\model\pdo.class.php(761): PDOStatement->execute()
#1 C:\xampp\htdocs\proms-admin\pages\controller\ctr-assess-cert.php(151): DB->executeUpdate(Array, 'tbl_sub_program', 'sub_prog_id = :...', Array)
#2 {main}

[2026-02-12 09:48:58] Error: SQLSTATE[42S02]: Base table or view not found: 1146 Table 'proms.tbl_outline' doesn't exist
Trace: #0 C:\xampp\htdocs\proms-admin\model\pdo.class.php(352): PDOStatement->execute()
#1 C:\xampp\htdocs\proms-admin\pages\short-term.php(81): DB->query('SELECT * FROM t...', Array)
#2 {main}

[2026-02-12 09:49:10] Error: SQLSTATE[42S02]: Base table or view not found: 1146 Table 'proms.tbl_outline' doesn't exist
Trace: #0 C:\xampp\htdocs\proms-admin\model\pdo.class.php(352): PDOStatement->execute()
#1 C:\xampp\htdocs\proms-admin\pages\short-term.php(81): DB->query('SELECT * FROM t...', Array)
#2 {main}

[2026-02-12 10:38:01] Error: SQLSTATE[42S02]: Base table or view not found: 1146 Table 'proms.tbl_outline' doesn't exist
Trace: #0 C:\xampp\htdocs\proms-admin\model\pdo.class.php(716): PDOStatement->execute()
#1 C:\xampp\htdocs\proms-admin\pages\controller\ctr-short-term.php(85): DB->executeInsert(Array, 'tbl_outline')
#2 {main}

[2026-02-12 10:39:00] Error: SQLSTATE[42S02]: Base table or view not found: 1146 Table 'proms.tbl_outline' doesn't exist
Trace: #0 C:\xampp\htdocs\proms-admin\model\pdo.class.php(352): PDOStatement->execute()
#1 C:\xampp\htdocs\proms-admin\pages\short-term.php(82): DB->query('SELECT * FROM t...', Array)
#2 {main}

[2026-02-12 10:39:41] Error: SQLSTATE[42S02]: Base table or view not found: 1146 Table 'proms.tbl_outline' doesn't exist
Trace: #0 C:\xampp\htdocs\proms-admin\model\pdo.class.php(352): PDOStatement->execute()
#1 C:\xampp\htdocs\proms-admin\pages\short-term.php(82): DB->query('SELECT * FROM t...', Array)
#2 {main}

[2026-02-12 11:24:01] Error: SQLSTATE[42S22]: Column not found: 1054 Unknown column 'prog_title' in 'field list'
Trace: #0 C:\xampp\htdocs\proms-admin\model\pdo.class.php(761): PDOStatement->execute()
#1 C:\xampp\htdocs\proms-admin\pages\controller\ctr-short-term.php(177): DB->executeUpdate(Array, 'tbl_cert_prog', 'cp_id = :cp_id', Array)
#2 {main}

[2026-02-12 11:26:21] Error: SQLSTATE[42S22]: Column not found: 1054 Unknown column 'prog_title' in 'field list'
Trace: #0 C:\xampp\htdocs\proms-admin\model\pdo.class.php(761): PDOStatement->execute()
#1 C:\xampp\htdocs\proms-admin\pages\controller\ctr-short-term.php(177): DB->executeUpdate(Array, 'tbl_cert_prog', 'cp_id = :cp_id', Array)
#2 {main}

[2026-02-12 14:17:36] Error: SQLSTATE[42S22]: Column not found: 1054 Unknown column 'outline_id' in 'order clause'
Trace: #0 C:\xampp\htdocs\proms-admin\model\pdo.class.php(352): PDOStatement->execute()
#1 C:\xampp\htdocs\proms-admin\pages\short-term.php(100): DB->query('SELECT * FROM t...', Array)
#2 {main}

[2026-02-13 10:33:57] Error: SQLSTATE[42S22]: Column not found: 1054 Unknown column 'mc_id' in 'field list'
Trace: #0 C:\xampp\htdocs\proms-admin\model\pdo.class.php(716): PDOStatement->execute()
#1 C:\xampp\htdocs\proms-admin\pages\controller\ctr-micro-course.php(204): DB->executeInsert(Array, 'tbl_objective')
#2 {main}

[2026-02-13 10:36:24] Error: SQLSTATE[42S22]: Column not found: 1054 Unknown column 'mc_id' in 'field list'
Trace: #0 C:\xampp\htdocs\proms-admin\model\pdo.class.php(716): PDOStatement->execute()
#1 C:\xampp\htdocs\proms-admin\pages\controller\ctr-micro-course.php(204): DB->executeInsert(Array, 'tbl_objective')
#2 {main}

[2026-02-13 10:37:42] Error: SQLSTATE[42S22]: Column not found: 1054 Unknown column 'mc_id' in 'field list'
Trace: #0 C:\xampp\htdocs\proms-admin\model\pdo.class.php(716): PDOStatement->execute()
#1 C:\xampp\htdocs\proms-admin\pages\controller\ctr-micro-course.php(204): DB->executeInsert(Array, 'tbl_objective')
#2 {main}

[2026-02-15 17:12:39] Error: SQLSTATE[23000]: Integrity constraint violation: 1048 Column 'ac_id' cannot be null
Trace: #0 C:\xampp\htdocs\proms-admin\model\pdo.class.php(716): PDOStatement->execute()
#1 C:\xampp\htdocs\proms-admin\pages\controller\ctr-assess-cert.php(75): DB->executeInsert(Array, 'tbl_requirement')
#2 {main}

[2026-02-16 20:29:42] Error: SQLSTATE[42S02]: Base table or view not found: 1146 Table 'proms.tbl_schedule' doesn't exist
Trace: #0 C:\xampp\htdocs\proms-admin\model\pdo.class.php(352): PDOStatement->execute()
#1 C:\xampp\htdocs\proms-admin\pages\cert-prog.php(65): DB->query('SELECT * FROM t...', Array)
#2 {main}

[2026-02-16 20:29:57] Error: SQLSTATE[42S02]: Base table or view not found: 1146 Table 'proms.tbl_schedule' doesn't exist
Trace: #0 C:\xampp\htdocs\proms-admin\model\pdo.class.php(352): PDOStatement->execute()
#1 C:\xampp\htdocs\proms-admin\pages\cert-prog.php(65): DB->query('SELECT * FROM t...', Array)
#2 {main}

[2026-02-16 20:30:02] Error: SQLSTATE[42S02]: Base table or view not found: 1146 Table 'proms.tbl_schedule' doesn't exist
Trace: #0 C:\xampp\htdocs\proms-admin\model\pdo.class.php(352): PDOStatement->execute()
#1 C:\xampp\htdocs\proms-admin\pages\cert-prog.php(65): DB->query('SELECT * FROM t...', Array)
#2 {main}

[2026-02-17 14:26:20] Error: SQLSTATE[42S22]: Column not found: 1054 Unknown column 'yt_link' in 'field list'
Trace: #0 C:\xampp\htdocs\proms-admin\model\pdo.class.php(716): PDOStatement->execute()
#1 C:\xampp\htdocs\proms-admin\pages\controller\ctr-ms-prog.php(69): DB->executeInsert(Array, 'tbl_cert_prog')
#2 {main}

[2026-02-17 14:28:53] Error: SQLSTATE[42S22]: Column not found: 1054 Unknown column 'yt_link' in 'field list'
Trace: #0 C:\xampp\htdocs\proms-admin\model\pdo.class.php(716): PDOStatement->execute()
#1 C:\xampp\htdocs\proms-admin\pages\controller\ctr-ms-prog.php(69): DB->executeInsert(Array, 'tbl_cert_prog')
#2 {main}

